2026-05-16 13:40:06 - INFO - *************Test_Valid_login***********
2026-05-16 13:40:07 - INFO - *************Logo_test_matched***********
2026-05-16 13:40:08 - INFO - *************Test_invalid_login***********
2026-05-16 13:40:09 - INFO - *************Username and password not matched ***********
2026-05-16 13:43:07 - INFO - *************Test_Valid_login***********
2026-05-16 13:43:08 - INFO - *************Logo_test_matched***********
2026-05-16 13:43:11 - INFO - *************Test_invalid_login***********
2026-05-16 13:43:12 - INFO - *************Username and password not matched ***********
2026-05-16 13:43:24 - INFO - *************Test_Valid_login***********
2026-05-16 13:43:25 - INFO - *************Logo_test_matched***********
2026-05-16 13:43:29 - INFO - *************Test_invalid_login***********
2026-05-16 13:43:30 - INFO - *************Username and password not matched ***********
2026-05-16 13:48:31 - INFO - *************Test_Valid_login***********
2026-05-16 13:48:31 - INFO - *************Logo_test_matched***********
2026-05-16 13:48:41 - INFO - *************Test_invalid_login***********
2026-05-16 13:48:42 - INFO - *************Username and password not matched ***********
2026-05-16 13:49:55 - INFO - *************Test_Valid_login***********
2026-05-16 13:49:56 - INFO - *************Logo_test_matched***********
2026-05-16 13:50:11 - INFO - *************Test_invalid_login***********
2026-05-16 13:50:12 - INFO - *************Username and password not matched ***********
2026-05-16 13:50:51 - INFO - *************Test_Valid_login***********
2026-05-16 13:50:52 - INFO - *************Logo_test_matched***********
2026-05-16 13:51:01 - INFO - *************Test_invalid_login***********
2026-05-16 13:51:02 - INFO - *************Username and password not matched ***********
2026-05-16 13:51:58 - INFO - *************Test_Valid_login***********
2026-05-16 13:51:58 - INFO - *************Test_invalid_login***********
2026-05-16 13:51:59 - INFO - *************Username and password not matched ***********
2026-05-16 13:51:59 - INFO - *************Logo_test_matched***********
2026-05-16 13:52:09 - INFO - *************Test_invalid_login***********
2026-05-16 13:52:09 - INFO - *************Test_Valid_login***********
2026-05-16 13:52:10 - INFO - *************Username and password not matched ***********
2026-05-16 13:52:10 - INFO - *************Logo_test_matched***********
2026-05-16 13:52:49 - INFO - *************Test_Valid_login***********
2026-05-16 13:52:49 - INFO - *************Test_invalid_login***********
2026-05-16 13:52:50 - INFO - *************Username and password not matched ***********
2026-05-16 13:52:50 - INFO - *************Logo_test_matched***********
2026-05-16 13:53:05 - INFO - *************Test_Valid_login***********
2026-05-16 13:53:05 - INFO - *************Logo_test_matched***********
2026-05-16 13:53:08 - INFO - *************Test_invalid_login***********
2026-05-16 13:53:09 - INFO - *************Username and password not matched ***********
2026-05-16 13:54:36 - INFO - *************Test_Valid_login***********
2026-05-16 13:54:37 - INFO - *************Logo_test_matched***********
2026-05-16 13:54:40 - INFO - *************Test_invalid_login***********
2026-05-16 13:54:41 - INFO - *************Username and password not matched ***********
2026-05-16 15:51:07 - INFO - *************Test_Valid_login***********
2026-05-16 15:51:08 - INFO - *************Logo_test_matched***********
2026-05-16 15:51:11 - INFO - *************Test_invalid_login***********
2026-05-16 15:51:12 - INFO - *************Username and password not matched ***********
2026-05-16 16:22:59 - INFO - *************Test_Valid_login***********
2026-05-16 16:23:00 - INFO - *************Logo_test_matched***********
2026-05-16 16:23:03 - INFO - *************Test_invalid_login***********
2026-05-16 16:23:04 - INFO - *************Username and password not matched ***********
2026-05-16 16:51:38 - INFO - *************Test_Valid_login***********
2026-05-16 16:51:39 - INFO - *************Logo_test_matched***********
2026-05-16 16:51:42 - INFO - *************Test_invalid_login***********
2026-05-16 16:51:43 - INFO - *************Username and password not matched ***********
2026-05-16 18:34:59 - INFO - test data is passed
2026-05-16 18:39:11 - INFO - test data is passed
2026-05-16 19:02:26 - INFO - test data is passed
2026-05-16 19:03:16 - INFO - test data is passed
2026-05-16 19:05:02 - INFO - test data is passed
2026-05-16 19:06:48 - INFO - test data is passed
2026-05-16 19:07:46 - INFO - test data is passed
2026-05-16 19:08:14 - INFO - test data is passed
2026-05-16 19:08:20 - INFO - test data is passed
2026-05-16 19:08:30 - INFO - test data is passed
2026-05-16 19:08:36 - INFO - test data is passed
2026-05-16 19:10:25 - INFO - test data is passed
2026-05-16 19:10:31 - INFO - test data is passed
2026-05-16 19:10:41 - INFO - test data is passed
2026-05-16 19:10:47 - INFO - test data is passed
2026-05-16 19:10:52 - INFO - test data is passed
2026-05-16 19:10:52 - INFO - Test data driven test is passed
2026-05-16 19:34:06 - INFO - test data is passed
2026-05-16 19:34:11 - INFO - test data is passed
2026-05-16 19:34:22 - INFO - test data is passed
2026-05-16 19:34:27 - INFO - test data is passed
2026-05-16 19:34:33 - INFO - test data is passed
2026-05-16 19:40:31 - INFO - test data is failed
2026-05-16 19:43:24 - INFO - test data is passed
2026-05-16 19:43:30 - INFO - test data is passed
2026-05-16 19:43:40 - INFO - test data is passed
2026-05-16 19:43:46 - INFO - test data is passed
2026-05-16 19:43:51 - INFO - test data is passed
2026-05-16 19:46:02 - INFO - test data is passed
2026-05-16 19:49:23 - INFO - test data is passed
2026-05-16 19:54:37 - INFO - test data is failed
2026-05-16 19:55:09 - INFO - test data is passed
2026-05-16 19:57:19 - INFO - test data is passed
2026-05-16 20:04:41 - INFO - test data is passed
2026-05-16 20:07:03 - INFO - test data is passed
2026-05-16 20:08:56 - INFO - Test Data Passed
2026-05-16 20:08:56 - INFO - Test Data Passed
2026-05-16 20:08:57 - INFO - Test Data Passed
2026-05-16 20:08:57 - INFO - Test Data Passed
2026-05-16 20:09:01 - INFO - test data is passed
2026-05-16 20:09:07 - INFO - test data is passed
2026-05-16 20:09:31 - INFO - Test Data Passed
2026-05-16 20:09:31 - INFO - Test Data Passed
2026-05-16 20:09:31 - INFO - Test Data Passed
2026-05-16 20:09:32 - INFO - Test Data Passed
2026-05-16 20:09:36 - INFO - test data is passed
2026-05-16 20:09:41 - INFO - test data is passed
2026-05-16 20:09:52 - INFO - test data is passed
2026-05-16 20:09:57 - INFO - test data is passed
2026-05-16 20:10:56 - INFO - Test Data Passed
2026-05-16 20:10:56 - INFO - Test Data Passed
2026-05-16 20:10:57 - INFO - Test Data Passed
2026-05-16 20:10:58 - INFO - Test Data Passed
2026-05-16 20:11:01 - INFO - test data is passed
2026-05-16 20:11:07 - INFO - test data is passed
2026-05-16 20:11:17 - INFO - test data is passed
2026-05-16 20:11:23 - INFO - test data is passed
2026-05-16 20:11:29 - INFO - test data is passed
2026-05-16 20:11:29 - INFO - Test data driven test is passed
